---
http_interactions:
- request:
    method: get
    uri: unix:///var/run/docker.sock/v1.16/volumes/690a2d87-08de-4834-8cff-cecce76ecb89
    body:
      encoding: US-ASCII
      string: ''
    headers:
      User-Agent:
      - Swipely/Docker-API 1.34.2
      Accept:
      - "*/*"
      Content-Type:
      - text/plain
  response:
    status:
      code: 404
      message:
    headers:
      Api-Version:
      - '1.40'
      Content-Length:
      - '57'
      Content-Type:
      - text/plain; charset=utf-8
      Date:
      - Fri, 11 Sep 2020 17:58:02 GMT
      Docker-Experimental:
      - 'true'
      Ostype:
      - linux
      Server:
      - Docker/19.03.12 (linux)
      X-Content-Type-Options:
      - nosniff
    body:
      encoding: ASCII-8BIT
      string: 'get 690a2d87-08de-4834-8cff-cecce76ecb89: no such volume

        '
    http_version:
  recorded_at: Fri, 11 Sep 2020 17:58:02 GMT
- request:
    method: get
    uri: unix:///var/run/docker.sock/v1.16/volumes/690a2d87-08de-4834-8cff-cecce76ecb89
    body:
      encoding: US-ASCII
      string: ''
    headers:
      User-Agent:
      - Swipely/Docker-API 1.34.2
      Accept:
      - "*/*"
      Content-Type:
      - text/plain
  response:
    status:
      code: 404
      message:
    headers:
      Api-Version:
      - '1.40'
      Content-Length:
      - '57'
      Content-Type:
      - text/plain; charset=utf-8
      Date:
      - Fri, 11 Sep 2020 17:58:02 GMT
      Docker-Experimental:
      - 'true'
      Ostype:
      - linux
      Server:
      - Docker/19.03.12 (linux)
      X-Content-Type-Options:
      - nosniff
    body:
      encoding: ASCII-8BIT
      string: 'get 690a2d87-08de-4834-8cff-cecce76ecb89: no such volume

        '
    http_version:
  recorded_at: Fri, 11 Sep 2020 17:58:02 GMT
- request:
    method: get
    uri: unix:///var/run/docker.sock/v1.16/volumes/690a2d87-08de-4834-8cff-cecce76ecb89
    body:
      encoding: US-ASCII
      string: ''
    headers:
      User-Agent:
      - Swipely/Docker-API 1.34.2
      Accept:
      - "*/*"
      Content-Type:
      - text/plain
  response:
    status:
      code: 404
      message:
    headers:
      Api-Version:
      - '1.40'
      Content-Length:
      - '57'
      Content-Type:
      - text/plain; charset=utf-8
      Date:
      - Fri, 11 Sep 2020 17:58:02 GMT
      Docker-Experimental:
      - 'true'
      Ostype:
      - linux
      Server:
      - Docker/19.03.12 (linux)
      X-Content-Type-Options:
      - nosniff
    body:
      encoding: ASCII-8BIT
      string: 'get 690a2d87-08de-4834-8cff-cecce76ecb89: no such volume

        '
    http_version:
  recorded_at: Fri, 11 Sep 2020 17:58:02 GMT
- request:
    method: get
    uri: unix:///var/run/docker.sock/v1.16/volumes/690a2d87-08de-4834-8cff-cecce76ecb89
    body:
      encoding: US-ASCII
      string: ''
    headers:
      User-Agent:
      - Swipely/Docker-API 1.34.2
      Accept:
      - "*/*"
      Content-Type:
      - text/plain
  response:
    status:
      code: 404
      message:
    headers:
      Api-Version:
      - '1.40'
      Content-Length:
      - '57'
      Content-Type:
      - text/plain; charset=utf-8
      Date:
      - Fri, 11 Sep 2020 17:58:02 GMT
      Docker-Experimental:
      - 'true'
      Ostype:
      - linux
      Server:
      - Docker/19.03.12 (linux)
      X-Content-Type-Options:
      - nosniff
    body:
      encoding: ASCII-8BIT
      string: 'get 690a2d87-08de-4834-8cff-cecce76ecb89: no such volume

        '
    http_version:
  recorded_at: Fri, 11 Sep 2020 17:58:02 GMT
- request:
    method: post
    uri: unix:///var/run/docker.sock/v1.16/volumes/create
    body:
      encoding: UTF-8
      string: '{"Labels":{"name":"690a2d87-08de-4834-8cff-cecce76ecb89","deployment_id":"10","service_id":"10"},"Driver":"local","DriverOpts":{"type":"nfs","o":"addr=192.168.173.10,rw,nfsvers=4,async","device":":/tmp/690a2d87-08de-4834-8cff-cecce76ecb89"},"Name":"690a2d87-08de-4834-8cff-cecce76ecb89"}'
    headers:
      User-Agent:
      - Swipely/Docker-API 1.34.2
      Accept:
      - "*/*"
      Content-Type:
      - application/json
  response:
    status:
      code: 201
      message:
    headers:
      Api-Version:
      - '1.40'
      Content-Length:
      - '418'
      Content-Type:
      - application/json
      Date:
      - Fri, 11 Sep 2020 17:58:02 GMT
      Docker-Experimental:
      - 'true'
      Ostype:
      - linux
      Server:
      - Docker/19.03.12 (linux)
    body:
      encoding: ASCII-8BIT
      string: '{"CreatedAt":"2020-09-11T17:58:02Z","Driver":"local","Labels":{"deployment_id":"10","name":"690a2d87-08de-4834-8cff-cecce76ecb89","service_id":"10"},"Mountpoint":"/var/lib/docker/volumes/690a2d87-08de-4834-8cff-cecce76ecb89/_data","Name":"690a2d87-08de-4834-8cff-cecce76ecb89","Options":{"device":":/tmp/690a2d87-08de-4834-8cff-cecce76ecb89","o":"addr=192.168.173.10,rw,nfsvers=4,async","type":"nfs"},"Scope":"local"}

        '
    http_version:
  recorded_at: Fri, 11 Sep 2020 17:58:02 GMT
recorded_with: VCR 5.1.0
