---
http_interactions:
- request:
    method: get
    uri: https://192.168.173.10:2376/v1.16/volumes/690a2d87-08de-4834-8cff-cecce76ecb89
    body:
      encoding: US-ASCII
      string: ''
    headers:
      User-Agent:
      - Swipely/Docker-API 1.34.2
      Accept:
      - "*/*"
      Content-Type:
      - text/plain
  response:
    status:
      code: 404
      message:
    headers:
      Api-Version:
      - '1.40'
      Content-Type:
      - text/plain; charset=utf-8
      Docker-Experimental:
      - 'true'
      Ostype:
      - linux
      Server:
      - Docker/19.03.12 (linux)
      X-Content-Type-Options:
      - nosniff
      Date:
      - Fri, 18 Sep 2020 02:19:49 GMT
      Content-Length:
      - '57'
    body:
      encoding: ASCII-8BIT
      string: 'get 690a2d87-08de-4834-8cff-cecce76ecb89: no such volume

        '
  recorded_at: Fri, 18 Sep 2020 02:19:49 GMT
- request:
    method: get
    uri: https://192.168.173.10:2376/v1.16/volumes/690a2d87-08de-4834-8cff-cecce76ecb89
    body:
      encoding: US-ASCII
      string: ''
    headers:
      User-Agent:
      - Swipely/Docker-API 1.34.2
      Accept:
      - "*/*"
      Content-Type:
      - text/plain
  response:
    status:
      code: 404
      message:
    headers:
      Api-Version:
      - '1.40'
      Content-Type:
      - text/plain; charset=utf-8
      Docker-Experimental:
      - 'true'
      Ostype:
      - linux
      Server:
      - Docker/19.03.12 (linux)
      X-Content-Type-Options:
      - nosniff
      Date:
      - Fri, 18 Sep 2020 02:19:49 GMT
      Content-Length:
      - '57'
    body:
      encoding: ASCII-8BIT
      string: 'get 690a2d87-08de-4834-8cff-cecce76ecb89: no such volume

        '
  recorded_at: Fri, 18 Sep 2020 02:19:49 GMT
- request:
    method: get
    uri: https://192.168.173.10:2376/v1.16/volumes/690a2d87-08de-4834-8cff-cecce76ecb89
    body:
      encoding: US-ASCII
      string: ''
    headers:
      User-Agent:
      - Swipely/Docker-API 1.34.2
      Accept:
      - "*/*"
      Content-Type:
      - text/plain
  response:
    status:
      code: 404
      message:
    headers:
      Api-Version:
      - '1.40'
      Content-Type:
      - text/plain; charset=utf-8
      Docker-Experimental:
      - 'true'
      Ostype:
      - linux
      Server:
      - Docker/19.03.12 (linux)
      X-Content-Type-Options:
      - nosniff
      Date:
      - Fri, 18 Sep 2020 02:19:49 GMT
      Content-Length:
      - '57'
    body:
      encoding: ASCII-8BIT
      string: 'get 690a2d87-08de-4834-8cff-cecce76ecb89: no such volume

        '
  recorded_at: Fri, 18 Sep 2020 02:19:49 GMT
- request:
    method: get
    uri: https://192.168.173.10:2376/v1.16/volumes/690a2d87-08de-4834-8cff-cecce76ecb89
    body:
      encoding: US-ASCII
      string: ''
    headers:
      User-Agent:
      - Swipely/Docker-API 1.34.2
      Accept:
      - "*/*"
      Content-Type:
      - text/plain
  response:
    status:
      code: 404
      message:
    headers:
      Api-Version:
      - '1.40'
      Content-Type:
      - text/plain; charset=utf-8
      Docker-Experimental:
      - 'true'
      Ostype:
      - linux
      Server:
      - Docker/19.03.12 (linux)
      X-Content-Type-Options:
      - nosniff
      Date:
      - Fri, 18 Sep 2020 02:19:49 GMT
      Content-Length:
      - '57'
    body:
      encoding: ASCII-8BIT
      string: 'get 690a2d87-08de-4834-8cff-cecce76ecb89: no such volume

        '
  recorded_at: Fri, 18 Sep 2020 02:19:49 GMT
- request:
    method: post
    uri: https://192.168.173.10:2376/v1.16/volumes/create
    body:
      encoding: UTF-8
      string: '{"Labels":{"name":"690a2d87-08de-4834-8cff-cecce76ecb89","deployment_id":"1","service_id":"1"},"Driver":"local","DriverOpts":{"type":"nfs","o":"addr=192.168.173.10,rw,nfsvers=4,async","device":":/tmp/690a2d87-08de-4834-8cff-cecce76ecb89"},"Name":"690a2d87-08de-4834-8cff-cecce76ecb89"}'
    headers:
      User-Agent:
      - Swipely/Docker-API 1.34.2
      Accept:
      - "*/*"
      Content-Type:
      - application/json
  response:
    status:
      code: 201
      message:
    headers:
      Api-Version:
      - '1.40'
      Content-Type:
      - application/json
      Docker-Experimental:
      - 'true'
      Ostype:
      - linux
      Server:
      - Docker/19.03.12 (linux)
      Date:
      - Fri, 18 Sep 2020 02:19:49 GMT
      Content-Length:
      - '421'
    body:
      encoding: ASCII-8BIT
      string: '{"CreatedAt":"2020-09-17T19:19:49-07:00","Driver":"local","Labels":{"deployment_id":"1","name":"690a2d87-08de-4834-8cff-cecce76ecb89","service_id":"1"},"Mountpoint":"/var/lib/docker/volumes/690a2d87-08de-4834-8cff-cecce76ecb89/_data","Name":"690a2d87-08de-4834-8cff-cecce76ecb89","Options":{"device":":/tmp/690a2d87-08de-4834-8cff-cecce76ecb89","o":"addr=192.168.173.10,rw,nfsvers=4,async","type":"nfs"},"Scope":"local"}

        '
  recorded_at: Fri, 18 Sep 2020 02:19:49 GMT
recorded_with: VCR 6.0.0
